
> nextn@0.1.0 typecheck
> tsc --noEmit

src/app/api/seed-dashboard/route.ts(2,10): error TS2305: Module '"@/firebase/admin"' has no exported member 'adminDb'.
src/app/api/seed-dashboard/route.ts(2,19): error TS2305: Module '"@/firebase/admin"' has no exported member 'adminAuth'.
src/app/portal/dashboard/nxtchapter/ai-agents/[agentId]/page.tsx(444,72): error TS2304: Cannot find name 'handleObserverChat'.
src/app/portal/dashboard/nxtchapter/ai-agents/[agentId]/page.tsx(446,47): error TS2304: Cannot find name 'handleObserverChat'.
